ERC report (2026-02-09T13:05:36+0000, Encoding UTF8)

***** Sheet /
[footprint_link_issues]: The current configuration does not include the footprint library 'RD-Testpoints'.
    ; warning
    @(1.3843 mm, 0.7366 mm): Symbol TP102 [TestPoint]

[footprint_link_issues]: The current configuration does not include the footprint library 'RD-Testpoints'.
    ; warning
    @(1.27 mm, 0.9398 mm): Symbol TP101 [TestPoint]

[footprint_link_issues]: The current configuration does not include the footprint library 'RD-Testpoints'.
    ; warning
    @(1.6637 mm, 0.7366 mm): Symbol TP103 [TestPoint]

[footprint_link_issues]: The current configuration does not include the footprint library 'RD-Testpoints'.
    ; warning
    @(1.778 mm, 0.9398 mm): Symbol TP104 [TestPoint]

[footprint_link_issues]: Footprint 'Fiducial_Cross_0.5mm_Mask2mm' not found in library 'Fiducial'.
    ; warning
    @(1.397 mm, 0.5207 mm): Symbol FID901 [Fiducial]

[footprint_link_issues]: Footprint 'Fiducial_Cross_0.5mm_Mask2mm' not found in library 'Fiducial'.
    ; warning
    @(1.397 mm, 0.5969 mm): Symbol FID902 [Fiducial]

[footprint_link_issues]: Footprint 'Fiducial_Cross_0.5mm_Mask2mm' not found in library 'Fiducial'.
    ; warning
    @(1.397 mm, 0.6731 mm): Symbol FID903 [Fiducial]

[footprint_link_issues]: The current configuration does not include the footprint library 'RD-Symbols-Silkscreen'.
    ; warning
    @(1.397 mm, 0.7747 mm): Symbol ID901 [BOARD_STACKUP_MARKER]

[lib_symbol_issues]: The current configuration does not include the symbol library 'Ryan-Dynamics'
    ; warning
    @(1.397 mm, 0.7747 mm): Symbol ID901 [BOARD_STACKUP_MARKER]

[footprint_link_issues]: The current configuration does not include the footprint library 'RD-Testpoints'.
    ; warning
    @(1.651 mm, 0.5969 mm): Symbol TP201 [TestPoint]

[footprint_link_issues]: The current configuration does not include the footprint library 'RD-Testpoints'.
    ; warning
    @(1.2954 mm, 0.9652 mm): Symbol TP301 [TestPoint]

[footprint_link_issues]: The current configuration does not include the footprint library 'RD-Testpoints'.
    ; warning
    @(1.4351 mm, 0.7493 mm): Symbol TP302 [TestPoint]

[footprint_link_issues]: The current configuration does not include the footprint library 'RD-Testpoints'.
    ; warning
    @(1.7272 mm, 0.7493 mm): Symbol TP303 [TestPoint]

[footprint_link_issues]: The current configuration does not include the footprint library 'RD-Testpoints'.
    ; warning
    @(1.3843 mm, 0.9398 mm): Symbol TP401 [TestPoint]

[footprint_link_issues]: The current configuration does not include the footprint library 'RD-Testpoints'.
    ; warning
    @(1.7399 mm, 0.8001 mm): Symbol TP403 [TestPoint]

[lib_symbol_mismatch]: Symbol 'AZV3002S-13' doesn't match copy in library 'AZV3002S-13'
    ; warning
    @(0.6731 mm, 0.6604 mm): Symbol U501 [AZV3002S-13]

[footprint_link_issues]: The current configuration does not include the footprint library 'RD-Testpoints'.
    ; warning
    @(0.9271 mm, 0.6604 mm): Symbol TP501 [TestPoint]

[footprint_link_issues]: The current configuration does not include the footprint library 'RD-Testpoints'.
    ; warning
    @(1.5621 mm, 0.6604 mm): Symbol TP502 [TestPoint]

[footprint_link_issues]: The current configuration does not include the footprint library 'RD-Testpoints'.
    ; warning
    @(2.1336 mm, 0.7239 mm): Symbol TP503 [TestPoint]

***** Sheet /ARCHITECTURE/
***** Sheet /ARCHITECTURE/1. INTERCONNECTS/
***** Sheet /ARCHITECTURE/2. POLARITY PROTECTION/
***** Sheet /ARCHITECTURE/3. SENSING/
***** Sheet /ARCHITECTURE/4. POWER/
***** Sheet /ARCHITECTURE/5. COMPARATOR/
***** Sheet /ARCHITECTURE/6. PASS ELEMENT/
***** Sheet /ARCHITECTURE/9. MISCELLANEOUS/
***** Sheet /REVISION HISTORY/
 ** ERC messages: 19  Errors 0  Warnings 19
