** Drc report for Input-Protection.kicad_pcb **
** Created on 2026-02-10T12:11:06+0000 **

** Found 12 DRC violations **
[clearance]: Clearance violation (pad clearance 0.7500 mm; actual 0.0000 mm)
    ; error (excluded)
    @(126.565645 mm, 97.65 mm): Pad [<no net>] of FID902 on L1 (Sig, PWR)
    @(125.565645 mm, 97.4 mm): Rectangle [<no net>] of FID902 on L1 (Sig, PWR)
[clearance]: Clearance violation (pad clearance 0.7500 mm; actual 0.0000 mm)
    ; error (excluded)
    @(126.565645 mm, 97.65 mm): Pad [<no net>] of FID902 on L1 (Sig, PWR)
    @(126.315645 mm, 96.65 mm): Rectangle [<no net>] of FID902 on L1 (Sig, PWR)
[clearance]: Clearance violation (pad clearance 0.7500 mm; actual 0.0000 mm)
    ; error (excluded)
    @(188.565645 mm, 55.65 mm): Pad [<no net>] of FID903 on L1 (Sig, PWR)
    @(187.565645 mm, 55.4 mm): Rectangle [<no net>] of FID903 on L1 (Sig, PWR)
[clearance]: Clearance violation (pad clearance 0.7500 mm; actual 0.0000 mm)
    ; error (excluded)
    @(188.565645 mm, 55.65 mm): Pad [<no net>] of FID903 on L1 (Sig, PWR)
    @(188.315645 mm, 54.65 mm): Rectangle [<no net>] of FID903 on L1 (Sig, PWR)
[clearance]: Clearance violation (pad clearance 0.7500 mm; actual 0.0000 mm)
    ; error (excluded)
    @(126.565645 mm, 55.65 mm): Pad [<no net>] of FID901 on L1 (Sig, PWR)
    @(125.565645 mm, 55.4 mm): Rectangle [<no net>] of FID901 on L1 (Sig, PWR)
[clearance]: Clearance violation (pad clearance 0.7500 mm; actual 0.0000 mm)
    ; error (excluded)
    @(126.565645 mm, 55.65 mm): Pad [<no net>] of FID901 on L1 (Sig, PWR)
    @(126.315645 mm, 54.65 mm): Rectangle [<no net>] of FID901 on L1 (Sig, PWR)
[solder_mask_bridge]: Front solder mask aperture bridges items with different nets
    ; warning (excluded)
    @(125.565645 mm, 97.4 mm): Rectangle [<no net>] of FID902 on L1 (Sig, PWR)
    @(126.565645 mm, 97.65 mm): Pad [<no net>] of FID902 on L1 (Sig, PWR)
[solder_mask_bridge]: Front solder mask aperture bridges items with different nets
    ; warning (excluded)
    @(126.315645 mm, 96.65 mm): Rectangle [<no net>] of FID902 on L1 (Sig, PWR)
    @(126.565645 mm, 97.65 mm): Pad [<no net>] of FID902 on L1 (Sig, PWR)
[solder_mask_bridge]: Front solder mask aperture bridges items with different nets
    ; warning (excluded)
    @(187.565645 mm, 55.4 mm): Rectangle [<no net>] of FID903 on L1 (Sig, PWR)
    @(188.565645 mm, 55.65 mm): Pad [<no net>] of FID903 on L1 (Sig, PWR)
[solder_mask_bridge]: Front solder mask aperture bridges items with different nets
    ; warning (excluded)
    @(188.315645 mm, 54.65 mm): Rectangle [<no net>] of FID903 on L1 (Sig, PWR)
    @(188.565645 mm, 55.65 mm): Pad [<no net>] of FID903 on L1 (Sig, PWR)
[solder_mask_bridge]: Front solder mask aperture bridges items with different nets
    ; warning (excluded)
    @(125.565645 mm, 55.4 mm): Rectangle [<no net>] of FID901 on L1 (Sig, PWR)
    @(126.565645 mm, 55.65 mm): Pad [<no net>] of FID901 on L1 (Sig, PWR)
[solder_mask_bridge]: Front solder mask aperture bridges items with different nets
    ; warning (excluded)
    @(126.315645 mm, 54.65 mm): Rectangle [<no net>] of FID901 on L1 (Sig, PWR)
    @(126.565645 mm, 55.65 mm): Pad [<no net>] of FID901 on L1 (Sig, PWR)

** Found 0 unconnected pads **

** Found 0 Footprint errors **

** End of Report **
